[www.wisecrypto.co/index.html]
[backblue.gif]
[fade.gif]
[index.html]
[www.wisecrypto.co/assets/images/favicon.ico]
[www.wisecrypto.co/assets/fonts/unicons/brand-icons.woff2]
[www.wisecrypto.co/assets/fonts/unicons/Unicons.woff]
[www.wisecrypto.co/assets/css/swiper-bundle.min.css]
[www.wisecrypto.co/assets/css/uikit.min.css]
[www.wisecrypto.co/assets/css/theme/main.min.css]
[www.wisecrypto.co/assets/js/uikit.min.js]
[www.wisecrypto.co/assets/js/uikit-components.js]
[www.wisecrypto.co/assets/js/jquery.min.js]
[www.wisecrypto.co/assets/js/swiper-bundle.min.js]
[www.wisecrypto.co/assets/js/feather.min.js]
[www.wisecrypto.co/assets/js/typed.min.js]
[www.wisecrypto.co/assets/js/anime.min.js]
[www.wisecrypto.co/assets/js/app.js]
[www.wisecrypto.co/assets/js/swiper-helper.js]
[www.wisecrypto.co/assets/js/typed-helper.js]
[www.wisecrypto.co/assets/js/anime-helper.js]
[www.wisecrypto.co/assets/js/anime-helper-defined-timelines.js]
[www.wisecrypto.co/assets/js/app-head.js]
[www.wisecrypto.co/assets/vendor/aos/aos.css]
[www.wisecrypto.co/assets/vendor/swiper/swiper-bundle.min.css]
[www.wisecrypto.co/assets/css/style.css]
[www.wisecrypto.co/index-2.html]
[www.wisecrypto.co/assets/images/wise-light.png]
[www.wisecrypto.co/assets/images/wise-dark.png]
[www.wisecrypto.co/assets/images/objects/ethereum-01.png]
[www.wisecrypto.co/assets/images/objects/circle-01.png]
[www.wisecrypto.co/assets/images/objects/circle-03.png]
[www.wisecrypto.co/assets/images/objects/bitcoin-01.png]
[www.wisecrypto.co/assets/images/objects/x.png]
[www.wisecrypto.co/assets/images/bitcoin-hero.png]
[www.wisecrypto.co/assets/images/objects/circle-02.png]
[www.wisecrypto.co/assets/images/service-01.png]
[www.wisecrypto.co/assets/images/service-02.png]
[www.wisecrypto.co/assets/images/service-03.png]
[www.wisecrypto.co/assets/images/service-04.png]
[www.wisecrypto.co/assets/images/service-05.png]
[www.wisecrypto.co/assets/images/service-06.png]
[www.wisecrypto.co/assets/images/features-03.png]
[www.wisecrypto.co/assets/images/join-community.png]
[www.wisecrypto.co/assets/images/testimonials/1.png]
[www.wisecrypto.co/assets/images/testimonials/2.jpg]
[www.wisecrypto.co/assets/images/testimonials/3.jpg]
[www.wisecrypto.co/assets/images/testimonials/4.png]
[www.wisecrypto.co/assets/images/testimonials/5.png]
[www.wisecrypto.co/assets/images/testimonials/6.png]
[www.wisecrypto.co/assets/images/portfolio/p1-1.png]
[www.wisecrypto.co/assets/images/portfolio/p1.png]
[www.wisecrypto.co/assets/images/portfolio/p2-1.png]
[www.wisecrypto.co/assets/images/portfolio/p2.png]
[www.wisecrypto.co/assets/images/portfolio/p3-1.png]
[www.wisecrypto.co/assets/images/portfolio/p3.png]
[www.wisecrypto.co/assets/images/portfolio/p4-1.png]
[www.wisecrypto.co/assets/images/portfolio/p4.png]
[www.wisecrypto.co/assets/images/portfolio/p5-1.png]
[www.wisecrypto.co/assets/images/portfolio/p5.png]
[www.wisecrypto.co/assets/images/portfolio/p42-1.png]
[www.wisecrypto.co/assets/images/portfolio/p42.png]
[www.wisecrypto.co/assets/images/portfolio/p6.png]
[www.wisecrypto.co/assets/images/portfolio/p7.png]
[www.wisecrypto.co/assets/images/portfolio/p8-1.png]
[www.wisecrypto.co/assets/images/portfolio/p8.png]
[www.wisecrypto.co/assets/images/portfolio/p9.png]
[www.wisecrypto.co/assets/images/portfolio/p10-1.png]
[www.wisecrypto.co/assets/images/portfolio/p10.png]
[www.wisecrypto.co/assets/images/portfolio/p11-1.png]
[www.wisecrypto.co/assets/images/portfolio/p11.png]
[www.wisecrypto.co/assets/images/portfolio/p12-1.png]
[www.wisecrypto.co/assets/images/portfolio/p12.png]
[www.wisecrypto.co/assets/images/portfolio/p13-1.png]
[www.wisecrypto.co/assets/images/portfolio/p13.png]
[www.wisecrypto.co/assets/images/portfolio/p14.png]
[www.wisecrypto.co/assets/images/portfolio/p15.png]
[www.wisecrypto.co/assets/images/portfolio/p16-1.png]
[www.wisecrypto.co/assets/images/portfolio/p16.png]
[www.wisecrypto.co/assets/images/portfolio/p41-1.png]
[www.wisecrypto.co/assets/images/portfolio/p41.png]
[www.wisecrypto.co/assets/images/portfolio/p17.png]
[www.wisecrypto.co/assets/images/portfolio/p18-1.png]
[www.wisecrypto.co/assets/images/portfolio/p18.png]
[www.wisecrypto.co/assets/images/portfolio/p19-1.png]
[www.wisecrypto.co/assets/images/portfolio/p19.png]
[www.wisecrypto.co/assets/images/portfolio/p20-1.png]
[www.wisecrypto.co/assets/images/portfolio/p20.png]
[www.wisecrypto.co/assets/images/portfolio/p21-1.png]
[www.wisecrypto.co/assets/images/portfolio/p21.png]
[www.wisecrypto.co/assets/images/portfolio/p22-1.png]
[www.wisecrypto.co/assets/images/portfolio/p22.png]
[www.wisecrypto.co/assets/images/portfolio/p23-1.png]
[www.wisecrypto.co/assets/images/portfolio/p23.png]
[www.wisecrypto.co/assets/images/portfolio/p24.png]
[www.wisecrypto.co/assets/images/portfolio/p25-1.png]
[www.wisecrypto.co/assets/images/portfolio/p25.png]
[www.wisecrypto.co/assets/images/portfolio/p26.png]
[www.wisecrypto.co/assets/images/portfolio/p27-1.png]
[www.wisecrypto.co/assets/images/portfolio/p27.png]
[www.wisecrypto.co/assets/images/portfolio/p28-1.png]
[www.wisecrypto.co/assets/images/portfolio/p28.png]
[www.wisecrypto.co/assets/images/portfolio/p29-1.png]
[www.wisecrypto.co/assets/images/portfolio/p29.png]
[www.wisecrypto.co/assets/images/portfolio/p30.png]
[www.wisecrypto.co/assets/images/portfolio/p31-1.png]
[www.wisecrypto.co/assets/images/portfolio/p31.png]
[www.wisecrypto.co/assets/images/portfolio/p32-1.png]
[www.wisecrypto.co/assets/images/portfolio/p32.png]
[www.wisecrypto.co/assets/images/portfolio/p33.png]
[www.wisecrypto.co/assets/images/portfolio/p34-1.png]
[www.wisecrypto.co/assets/images/portfolio/p34.png]
[www.wisecrypto.co/assets/images/portfolio/p35.png]
[www.wisecrypto.co/assets/images/portfolio/p36-1.png]
[www.wisecrypto.co/assets/images/portfolio/p36.png]
[www.wisecrypto.co/assets/images/portfolio/p37-1.png]
[www.wisecrypto.co/assets/images/portfolio/p37.png]
[www.wisecrypto.co/assets/images/portfolio/p38-1.png]
[www.wisecrypto.co/assets/images/portfolio/p38.png]
[www.wisecrypto.co/assets/images/portfolio/p39-1.png]
[www.wisecrypto.co/assets/images/portfolio/p39.png]
[www.wisecrypto.co/assets/images/portfolio/p40-1.png]
[www.wisecrypto.co/assets/images/portfolio/p40.png]
[www.wisecrypto.co/assets/vendor/aos/aos.js]
[www.wisecrypto.co/assets/vendor/glightbox/js/glightbox.min.js]
[www.wisecrypto.co/assets/vendor/swiper/swiper-bundle.min.js]
[www.wisecrypto.co/assets/js/main.js]
[www.wisecrypto.co/assets/images/ama/bybit.jpg]
[www.wisecrypto.co/assets/images/ama/venom.jpg]
[www.wisecrypto.co/assets/images/ama/Mantle.png]
[www.wisecrypto.co/assets/images/users/1.jpg]
[www.wisecrypto.co/assets/images/users/2.jpg]
[www.wisecrypto.co/assets/images/users/3.jpg]
[www.wisecrypto.co/assets/images/users/4.jpg]
[www.wisecrypto.co/assets/images/x.png]
[www.wisecrypto.co/assets/images/telegram.png]
[www.wisecrypto.co/assets/images/discord.png]
[www.wisecrypto.co/assets/images/binance.png]
[www.wisecrypto.co/index.html]
[www.wisecrypto.co/assets/css/swiper-bundle.min.css]
[www.wisecrypto.co/assets/css/uikit.min.css]
[www.wisecrypto.co/assets/css/theme/main.min.css]
[www.wisecrypto.co/assets/vendor/aos/aos.css]
[www.wisecrypto.co/assets/vendor/swiper/swiper-bundle.min.css]
[cdn.jsdelivr.net/npm/uikit@3.15.1/dist/css/uikit.min.css]
[www.wisecrypto.co/assets/css/style.css]
[www.wisecrypto.co/index-2.html]
[www.wisecrypto.co/assets/images/gradient-circle.svg]
[www.wisecrypto.co/assets/images/divider.svg]
[www.wisecrypto.co/cdn.jsdelivr.net/npm/swiper@8.3.2/swiper-bundle.min.html]
[cdn.jsdelivr.net/npm/uikit@3.15.1/dist/css/uikit.min.css]
[www.wisecrypto.co/assets/img/hero-bg.html]
[www.wisecrypto.co/assets/img/cta-bg.html]
[www.wisecrypto.co/assets/img/counts-img.html]
[www.wisecrypto.co/assets/img/testimonials-bg.html]
